
> Configure project :app
? Building with debug info (default)
? Building with debug info (default)

> Configure project :core
? Building with debug info (default)
? Building with debug info (default)

> Configure project :wd4j
? Building with debug info (default)
? Building with debug info (default)

> Configure project :wd4j-mcp-server
? Building with debug info (default)
? Building with debug info (default)

> Configure project :plugins:excelimport
? Building with debug info (default)
? Building with debug info (default)

> Configure project :plugins:webSearch
? Building with debug info (default)
? Building with debug info (default)

> Task :app:clean
> Task :app:generateGrammarSource
> Task :core:compileJava UP-TO-DATE

> Task :app:compileJava
.\gradlew.bat : Note: Some input files use unchecked or unsafe operations.
In Zeile:1 Zeichen:32
+ ... ainframeMate ; .\gradlew.bat :app:clean :app:compileJava 2>&1 | Out-F ...
+                    ~~~~~~~~~~~~~~~~~~~~~~~~~~~~~~~~~~~~~~~~~~~~~~
    + CategoryInfo          : NotSpecified: (Note: Some inpu...afe operations.:String) [], RemoteException
    + FullyQualifiedErrorId : NativeCommandError
 
Note: Recompile with -Xlint:unchecked for details.

Deprecated Gradle features were used in this build, making it incompatible with Gradle 9.0.

You can use '--warning-mode all' to show the individual deprecation warnings and determine if they come from your own scripts or plugins.

For more on this, please refer to https://docs.gradle.org/8.10/userguide/command_line_interface.html#sec:command_line_warnings in the Gradle documentation.

BUILD SUCCESSFUL in 4s
4 actionable tasks: 3 executed, 1 up-to-date
